traffic.c:11:6:turnOnRed1	8	static
traffic.c:14:6:turnOffRed1	8	static
traffic.c:17:6:toggleRed1	8	static
traffic.c:21:6:turnOnYellow1	8	static
traffic.c:24:6:turnOffYellow1	8	static
traffic.c:27:6:toggleYellow1	8	static
traffic.c:31:6:turnOnGreen1	8	static
traffic.c:34:6:turnOffGreen1	8	static
traffic.c:37:6:toggleGreen1	8	static
traffic.c:43:6:turnOnRed2	8	static
traffic.c:46:6:turnOffRed2	8	static
traffic.c:49:6:toggleRed2	8	static
traffic.c:53:6:turnOnYellow2	8	static
traffic.c:56:6:turnOffYellow2	8	static
traffic.c:59:6:toggleYellow2	8	static
traffic.c:63:6:turnOnGreen2	8	static
traffic.c:66:6:turnOffGreen2	8	static
traffic.c:69:6:toggleGreen2	8	static
traffic.c:73:6:turnOffAll	8	static
